// Jest Snapshot v1, https://goo.gl/fbAQLP

exports[`App4 should render correctly 1`] = `
<div>
  <Query
    query={
      Object {
        "definitions": Array [
          Object {
            "directives": Array [],
            "kind": "OperationDefinition",
            "name": Object {
              "kind": "Name",
              "value": "HeroFriends",
            },
            "operation": "query",
            "selectionSet": Object {
              "kind": "SelectionSet",
              "selections": Array [
                Object {
                  "alias": undefined,
                  "arguments": Array [
                    Object {
                      "kind": "Argument",
                      "name": Object {
                        "kind": "Name",
                        "value": "episode",
                      },
                      "value": Object {
                        "kind": "Variable",
                        "name": Object {
                          "kind": "Name",
                          "value": "episode",
                        },
                      },
                    },
                  ],
                  "directives": Array [],
                  "kind": "Field",
                  "name": Object {
                    "kind": "Name",
                    "value": "hero",
                  },
                  "selectionSet": Object {
                    "kind": "SelectionSet",
                    "selections": Array [
                      Object {
                        "alias": undefined,
                        "arguments": Array [],
                        "directives": Array [],
                        "kind": "Field",
                        "name": Object {
                          "kind": "Name",
                          "value": "name",
                        },
                        "selectionSet": undefined,
                      },
                    ],
                  },
                },
              ],
            },
            "variableDefinitions": Array [
              Object {
                "defaultValue": undefined,
                "kind": "VariableDefinition",
                "type": Object {
                  "kind": "NonNullType",
                  "type": Object {
                    "kind": "NamedType",
                    "name": Object {
                      "kind": "Name",
                      "value": "Episode",
                    },
                  },
                },
                "variable": Object {
                  "kind": "Variable",
                  "name": Object {
                    "kind": "Name",
                    "value": "episode",
                  },
                },
              },
            ],
          },
        ],
        "kind": "Document",
        "loc": Object {
          "end": 118,
          "start": 0,
        },
      }
    }
    variables={
      Object {
        "episode": "EMPIRE",
      }
    }
  />
</div>
`;
